// Jest Snapshot v1, https://goo.gl/fbAQLP

exports[`Button component renders correctly 1`] = `
<View
  accessible={true}
  isTVSelectable={true}
  onResponderGrant={[Function]}
  onResponderMove={[Function]}
  onResponderRelease={[Function]}
  onResponderTerminate={[Function]}
  onResponderTerminationRequest={[Function]}
  onStartShouldSetResponder={[Function]}
  style={
    Object {
      "backgroundColor": "#A9CEC9",
      "opacity": 1,
      "paddingVertical": 16,
    }
  }
>
  <Text
    style={
      Array [
        Object {
          "color": "#637381",
          "fontFamily": "Oswald-Bold",
          "fontSize": 20,
          "textAlign": "center",
        },
        undefined,
      ]
    }
  >
    hi
  </Text>
</View>
`;
